// Jest Snapshot v1, https://goo.gl/fbAQLP

exports[`Should render Hint render 1`] = `
ShallowWrapper {
  Symbol(enzyme.__root__): [Circular],
  Symbol(enzyme.__unrendered__): <Hint
    texts={
      Array [
        "string",
      ]
    }
    title="Mark Yuliy Cesar"
  />,
  Symbol(enzyme.__renderer__): Object {
    "batchedUpdates": [Function],
    "getNode": [Function],
    "render": [Function],
    "simulateError": [Function],
    "simulateEvent": [Function],
    "unmount": [Function],
  },
  Symbol(enzyme.__node__): Object {
    "instance": null,
    "key": undefined,
    "nodeType": "host",
    "props": Object {
      "children": Array [
        <div
          className={undefined}
        >
          <Styled(Text)
            isThreeSixB={true}
            size={36}
            sizeTablet={24}
          >
            <FormattedMessage
              id="connections_control_hint_title"
              values={Object {}}
            />
          </Styled(Text)>
        </div>,
        <div
          className={undefined}
        >
          <Styled(Text)
            size={18}
            sizeTablet={16}
            tagName="p"
          >
            <FormattedMessage
              id="connections_control_hint_text_1"
              values={Object {}}
            />
          </Styled(Text)>
        </div>,
      ],
      "className": "hint",
    },
    "ref": null,
    "rendered": Array [
      Object {
        "instance": null,
        "key": undefined,
        "nodeType": "host",
        "props": Object {
          "children": <Styled(Text)
            isThreeSixB={true}
            size={36}
            sizeTablet={24}
          >
            <FormattedMessage
              id="connections_control_hint_title"
              values={Object {}}
            />
          </Styled(Text)>,
          "className": undefined,
        },
        "ref": null,
        "rendered": Object {
          "instance": null,
          "key": undefined,
          "nodeType": "class",
          "props": Object {
            "children": <FormattedMessage
              id="connections_control_hint_title"
              values={Object {}}
            />,
            "isThreeSixB": true,
            "size": 36,
            "sizeTablet": 24,
          },
          "ref": null,
          "rendered": Object {
            "instance": null,
            "key": undefined,
            "nodeType": "class",
            "props": Object {
              "id": "connections_control_hint_title",
              "values": Object {},
            },
            "ref": null,
            "rendered": null,
            "type": [Function],
          },
          "type": [Function],
        },
        "type": "div",
      },
      Object {
        "instance": null,
        "key": undefined,
        "nodeType": "host",
        "props": Object {
          "children": Array [
            <Styled(Text)
              size={18}
              sizeTablet={16}
              tagName="p"
            >
              <FormattedMessage
                id="connections_control_hint_text_1"
                values={Object {}}
              />
            </Styled(Text)>,
          ],
          "className": undefined,
        },
        "ref": null,
        "rendered": Array [
          Object {
            "instance": null,
            "key": undefined,
            "nodeType": "class",
            "props": Object {
              "children": <FormattedMessage
                id="connections_control_hint_text_1"
                values={Object {}}
              />,
              "size": 18,
              "sizeTablet": 16,
              "tagName": "p",
            },
            "ref": null,
            "rendered": Object {
              "instance": null,
              "key": undefined,
              "nodeType": "class",
              "props": Object {
                "id": "connections_control_hint_text_1",
                "values": Object {},
              },
              "ref": null,
              "rendered": null,
              "type": [Function],
            },
            "type": [Function],
          },
        ],
        "type": "div",
      },
    ],
    "type": "div",
  },
  Symbol(enzyme.__nodes__): Array [
    Object {
      "instance": null,
      "key": undefined,
      "nodeType": "host",
      "props": Object {
        "children": Array [
          <div
            className={undefined}
          >
            <Styled(Text)
              isThreeSixB={true}
              size={36}
              sizeTablet={24}
            >
              <FormattedMessage
                id="connections_control_hint_title"
                values={Object {}}
              />
            </Styled(Text)>
          </div>,
          <div
            className={undefined}
          >
            <Styled(Text)
              size={18}
              sizeTablet={16}
              tagName="p"
            >
              <FormattedMessage
                id="connections_control_hint_text_1"
                values={Object {}}
              />
            </Styled(Text)>
          </div>,
        ],
        "className": "hint",
      },
      "ref": null,
      "rendered": Array [
        Object {
          "instance": null,
          "key": undefined,
          "nodeType": "host",
          "props": Object {
            "children": <Styled(Text)
              isThreeSixB={true}
              size={36}
              sizeTablet={24}
            >
              <FormattedMessage
                id="connections_control_hint_title"
                values={Object {}}
              />
            </Styled(Text)>,
            "className": undefined,
          },
          "ref": null,
          "rendered": Object {
            "instance": null,
            "key": undefined,
            "nodeType": "class",
            "props": Object {
              "children": <FormattedMessage
                id="connections_control_hint_title"
                values={Object {}}
              />,
              "isThreeSixB": true,
              "size": 36,
              "sizeTablet": 24,
            },
            "ref": null,
            "rendered": Object {
              "instance": null,
              "key": undefined,
              "nodeType": "class",
              "props": Object {
                "id": "connections_control_hint_title",
                "values": Object {},
              },
              "ref": null,
              "rendered": null,
              "type": [Function],
            },
            "type": [Function],
          },
          "type": "div",
        },
        Object {
          "instance": null,
          "key": undefined,
          "nodeType": "host",
          "props": Object {
            "children": Array [
              <Styled(Text)
                size={18}
                sizeTablet={16}
                tagName="p"
              >
                <FormattedMessage
                  id="connections_control_hint_text_1"
                  values={Object {}}
                />
              </Styled(Text)>,
            ],
            "className": undefined,
          },
          "ref": null,
          "rendered": Array [
            Object {
              "instance": null,
              "key": undefined,
              "nodeType": "class",
              "props": Object {
                "children": <FormattedMessage
                  id="connections_control_hint_text_1"
                  values={Object {}}
                />,
                "size": 18,
                "sizeTablet": 16,
                "tagName": "p",
              },
              "ref": null,
              "rendered": Object {
                "instance": null,
                "key": undefined,
                "nodeType": "class",
                "props": Object {
                  "id": "connections_control_hint_text_1",
                  "values": Object {},
                },
                "ref": null,
                "rendered": null,
                "type": [Function],
              },
              "type": [Function],
            },
          ],
          "type": "div",
        },
      ],
      "type": "div",
    },
  ],
  Symbol(enzyme.__options__): Object {
    "adapter": ReactSixteenAdapter {
      "options": Object {
        "enableComponentDidUpdateOnSetState": true,
        "lifecycles": Object {
          "componentDidUpdate": Object {
            "onSetState": true,
          },
          "getDerivedStateFromProps": true,
          "getSnapshotBeforeUpdate": true,
          "setState": Object {
            "skipsComponentDidUpdateOnNullish": true,
          },
        },
      },
    },
  },
}
`;
